------------------------------------------------------------
-------- The NANO Interpreter v.0.0.0.0 --------------------
------------------------------------------------------------

λ [0] definitions: tail head add sub
λ [1] 25
λ [2] Goodbye.
