------------------------------------------------------------
-------- The NANO Interpreter v.0.0.0.0 --------------------
------------------------------------------------------------

λ [0] definitions: tail head foldr add myList
λ [1] 15
λ [2] Goodbye.
